../Core/Src/main.c:87:5:main	8	static
../Core/Src/main.c:154:6:SystemClock_Config	72	static
../Core/Src/main.c:191:13:MX_TIM1_Init	96	static
../Core/Src/main.c:266:13:MX_TIM2_Init	64	static
../Core/Src/main.c:325:13:MX_USART1_UART_Init	8	static
../Core/Src/main.c:358:13:MX_GPIO_Init	40	static
../Core/Src/main.c:404:6:WaitX	8	static
../Core/Src/main.c:411:6:WaitY	8	static
../Core/Src/main.c:418:6:WaitXint	16	static
../Core/Src/main.c:424:6:WaitYint	16	static
../Core/Src/main.c:430:6:printf_uart	16	static
../Core/Src/main.c:434:6:HAL_UART_RxCpltCallback	16	static
../Core/Src/main.c:441:6:HAL_GPIO_EXTI_Callback	16	static
../Core/Src/main.c:459:6:PWM_SetARR_Pulse	32	static
../Core/Src/main.c:478:6:GoLinerX	24	static
../Core/Src/main.c:495:6:GoLinerY	24	static
../Core/Src/main.c:546:6:GoDiagonal	48	static
../Core/Src/main.c:589:6:GoHome	8	static
../Core/Src/main.c:598:6:DrawSquar	16	static
../Core/Src/main.c:616:6:DrawRectangle	16	static
../Core/Src/main.c:629:6:DrawCircle	40	static
../Core/Src/main.c:695:6:DrawStar	8	static
../Core/Src/main.c:707:6:HAL_TIM_PWM_PulseFinishedCallback	16	static
../Core/Src/main.c:735:6:Error_Handler	4	static,ignoring_inline_asm
