../Core/Src/main.c:87:5:main	8	static
../Core/Src/main.c:154:6:SystemClock_Config	72	static
../Core/Src/main.c:191:13:MX_TIM1_Init	96	static
../Core/Src/main.c:266:13:MX_TIM2_Init	64	static
../Core/Src/main.c:325:13:MX_USART1_UART_Init	8	static
../Core/Src/main.c:358:13:MX_GPIO_Init	40	static
../Core/Src/main.c:404:6:WaitX	8	static
../Core/Src/main.c:411:6:WaitY	8	static
../Core/Src/main.c:418:6:WaitXint	16	static
../Core/Src/main.c:424:6:WaitYint	16	static
../Core/Src/main.c:430:6:printf_uart	16	static
../Core/Src/main.c:434:6:HAL_UART_RxCpltCallback	16	static
../Core/Src/main.c:441:6:HAL_GPIO_EXTI_Callback	16	static
../Core/Src/main.c:459:6:PWM_SetARR_Pulse	24	static
../Core/Src/main.c:477:6:GoLinerX	24	static
../Core/Src/main.c:494:6:GoLinerY	24	static
../Core/Src/main.c:545:6:GoDiagonal	48	static
../Core/Src/main.c:596:6:GoHome	8	static
../Core/Src/main.c:605:6:DrawSquar	16	static
../Core/Src/main.c:623:6:DrawRectangle	16	static
../Core/Src/main.c:636:6:DrawCircle	48	static
../Core/Src/main.c:708:6:DrawStar	8	static
../Core/Src/main.c:720:6:HAL_TIM_PWM_PulseFinishedCallback	16	static
../Core/Src/main.c:749:6:Error_Handler	4	static,ignoring_inline_asm
